Lattice Microbe ES v2016.12 build 2016-11-30-14-54-02 in 64-bit mode with options MPI AVX SBML.
Copyright (C) 2008-2012 Luthey-Schulten Group, University of Illinois at Urbana-Champaign.
Copyright (C) 2012-2017 Roberts Group, Johns Hopkins University.

2016-10-30 15:32:07) Initializing communications library.
2016-10-30 15:32:07) Using local communicator on host barkeri.bph.jhu.edu.
2016-10-30 15:32:07) Resource controller @1 started.
2016-10-30 15:32:07) Supervisor @0 started.
2016-10-30 15:32:07) Resource controller @1 on barkeri.bph.jhu.edu registered with 8 cpu core(s) and 0 gpu device(s).
2016-10-30 15:32:07) Registered resources for host barkeri.bph.jhu.edu (defaults=1): 2 cpu cores, 0 gpu devices
2016-10-30 15:32:07) All resources registered with supervisor, starting workers.
2016-10-30 15:32:07) Reserved core 0 on @1 for the output writer.
2016-10-30 15:32:07) Creating slot 0 on @1 using resources: barkeri.bph.jhu.edu; @1; cpu core list:1; gpu device list:<none>.
2016-10-30 15:32:07) OutputWriter @3 started.
2016-10-30 15:32:07) OutputWriter::HelperThread @3 started.
2016-10-30 15:32:07) Work Unit runner @4 started with 1 cpu cores (affinity=0) and 0 gpus.
2016-10-30 15:32:07) Output writer started: @3.
2016-10-30 15:32:07) Work unit runner started: @4.
2016-10-30 15:32:07) All supervisor workers have started, beginning simulation.
2016-10-30 15:32:07) Replicate supervisor starting simulation.
2016-10-30 15:32:07) Simulation started.
2016-10-30 15:33:09) Finished 20 work units (ids in range 0 to 19) with 80 parts in the last 62.2 seconds. 800000000 steps in 6.215e+01 seconds (1.287e+07 steps/second).
2016-10-30 15:33:12) Wrote 16 messages (2641 bytes) in the last 65.2 seconds (0.000217 seconds writing). 0 messages (0 bytes) queued. Flushing.
2016-10-30 15:34:11) Finished 20 work units (ids in range 20 to 39) with 80 parts in the last 62.1 seconds. 800000000 steps in 6.213e+01 seconds (1.288e+07 steps/second).
2016-10-30 15:34:21) Wrote 14 messages (2644 bytes) in the last 68.3 seconds (0.000182 seconds writing). 0 messages (0 bytes) queued. Flushing.
2016-10-30 15:35:13) Finished 20 work units (ids in range 40 to 59) with 80 parts in the last 62.0 seconds. 800000000 steps in 6.198e+01 seconds (1.291e+07 steps/second).
2016-10-30 15:35:32) Wrote 14 messages (2644 bytes) in the last 71.3 seconds (0.000208 seconds writing). 0 messages (0 bytes) queued. Flushing.
2016-10-30 15:35:54) Replicate 10 completed with 1.00e+05 of simulation time using 20 work units.
2016-10-30 15:35:57) Replicate 14 completed with 1.00e+05 of simulation time using 20 work units.
2016-10-30 15:36:00) Replicate 9 completed with 1.00e+05 of simulation time using 20 work units.
2016-10-30 15:36:00) Replicate 2 completed with 1.00e+05 of simulation time using 21 work units.
2016-10-30 15:36:00) Replicate 13 completed with 1.00e+05 of simulation time using 22 work units.
2016-10-30 15:36:00) Replicate 7 completed with 1.00e+05 of simulation time using 21 work units.
2016-10-30 15:36:00) Replicate 15 completed with 1.00e+05 of simulation time using 22 work units.
2016-10-30 15:36:00) Replicate 3 completed with 1.00e+05 of simulation time using 22 work units.
2016-10-30 15:36:00) Replicate 12 completed with 1.00e+05 of simulation time using 22 work units.
2016-10-30 15:36:00) Replicate 5 completed with 1.00e+05 of simulation time using 23 work units.
2016-10-30 15:36:00) Replicate 11 completed with 1.00e+05 of simulation time using 24 work units.
2016-10-30 15:36:00) Replicate 1 completed with 1.00e+05 of simulation time using 23 work units.
2016-10-30 15:36:00) GillespieDSolverAVX started without a full set of trajectories, running trajectory 4 with the GillespieDSolver.
2016-10-30 15:36:00) GillespieDSolverAVX started without a full set of trajectories, running trajectory 6 with the GillespieDSolver.
2016-10-30 15:36:00) GillespieDSolverAVX started without a full set of trajectories, running trajectory 8 with the GillespieDSolver.
2016-10-30 15:36:00) Replicate 4 completed with 1.00e+05 of simulation time using 26 work units.
2016-10-30 15:36:00) Replicate 6 completed with 1.00e+05 of simulation time using 29 work units.
2016-10-30 15:36:00) Replicate 8 completed with 1.00e+05 of simulation time using 24 work units.
2016-10-30 15:36:00) Replicate supervisor finished 15 replicates in 232.92 seconds.
2016-10-30 15:36:00) Simulation finished.
2016-10-30 15:36:00) Finished 25 work units (ids in range 60 to 84) with 99 parts in the last 46.6 seconds. 599934752 steps in 4.664e+01 seconds (1.286e+07 steps/second).
2016-10-30 15:36:00) Supervisor @0 finished.
2016-10-30 15:36:00) Wrote 20 messages (1965 bytes) in the last 28.1 seconds (0.000199 seconds writing). 0 messages (0 bytes) queued. Flushing.
2016-10-30 15:36:00) OutputWriter wrote 64 messages and 9894 bytes total.
2016-10-30 15:36:00) OutputWriter::HelperThread @3 finished.
2016-10-30 15:36:00) OutputWriter @3 flushing and closing.
2016-10-30 15:36:00) OutputWriter @3 finished.
2016-10-30 15:36:00) Work unit runner @4 finished.
2016-10-30 15:36:00) Resource controller @1 finished.
2016-10-30 15:36:00) Finalizing communications library.
2016-10-30 15:36:00) Program execution finished.
