Lattice Microbe ES v2016.12 build 2016-11-30-14-54-02 in 64-bit mode with options MPI AVX SBML.
Copyright (C) 2008-2012 Luthey-Schulten Group, University of Illinois at Urbana-Champaign.
Copyright (C) 2012-2017 Roberts Group, Johns Hopkins University.

2016-10-30 15:20:13) Initializing communications library.
2016-10-30 15:20:13) Using local communicator on host barkeri.bph.jhu.edu.
2016-10-30 15:20:13) Resource controller @1 started.
2016-10-30 15:20:13) Supervisor @0 started.
2016-10-30 15:20:13) Resource controller @1 on barkeri.bph.jhu.edu registered with 8 cpu core(s) and 0 gpu device(s).
2016-10-30 15:20:13) Registered resources for host barkeri.bph.jhu.edu (defaults=1): 2 cpu cores, 0 gpu devices
2016-10-30 15:20:13) All resources registered with supervisor, starting workers.
2016-10-30 15:20:13) Reserved core 0 on @1 for the output writer.
2016-10-30 15:20:13) Creating slot 0 on @1 using resources: barkeri.bph.jhu.edu; @1; cpu core list:1; gpu device list:<none>.
2016-10-30 15:20:13) OutputWriter @3 started.
2016-10-30 15:20:13) OutputWriter::HelperThread @3 started.
2016-10-30 15:20:13) Output writer started: @3.
2016-10-30 15:20:13) Work Unit runner @4 started with 1 cpu cores (affinity=0) and 0 gpus.
2016-10-30 15:20:13) Work unit runner started: @4.
2016-10-30 15:20:13) All supervisor workers have started, beginning simulation.
2016-10-30 15:20:13) Replicate supervisor starting simulation.
2016-10-30 15:20:13) Simulation started.
2016-10-30 15:21:14) Finished 19 work units (ids in range 0 to 18) with 76 parts in the last 60.9 seconds. 760000000 steps in 6.092e+01 seconds (1.247e+07 steps/second).
2016-10-30 15:21:20) Wrote 14 messages (2600 bytes) in the last 67.3 seconds (0.000211 seconds writing). 0 messages (0 bytes) queued. Flushing.
2016-10-30 15:22:15) Finished 19 work units (ids in range 19 to 37) with 76 parts in the last 61.0 seconds. 760000000 steps in 6.098e+01 seconds (1.246e+07 steps/second).
2016-10-30 15:22:21) Wrote 12 messages (2395 bytes) in the last 60.9 seconds (0.000147 seconds writing). 0 messages (0 bytes) queued. Flushing.
2016-10-30 15:23:16) Finished 19 work units (ids in range 38 to 56) with 76 parts in the last 60.8 seconds. 760000000 steps in 6.078e+01 seconds (1.250e+07 steps/second).
2016-10-30 15:23:22) Wrote 10 messages (1986 bytes) in the last 60.8 seconds (0.000140 seconds writing). 0 messages (0 bytes) queued. Flushing.
2016-10-30 15:24:10) Replicate 12 completed with 1.00e+05 of simulation time using 20 work units.
2016-10-30 15:24:13) Replicate 15 completed with 1.00e+05 of simulation time using 20 work units.
2016-10-30 15:24:13) Replicate 2 completed with 1.00e+05 of simulation time using 21 work units.
2016-10-30 15:24:13) Replicate 6 completed with 1.00e+05 of simulation time using 21 work units.
2016-10-30 15:24:13) Replicate 4 completed with 1.00e+05 of simulation time using 22 work units.
2016-10-30 15:24:13) Replicate 13 completed with 1.00e+05 of simulation time using 22 work units.
2016-10-30 15:24:13) Replicate 1 completed with 1.00e+05 of simulation time using 22 work units.
2016-10-30 15:24:13) Replicate 3 completed with 1.00e+05 of simulation time using 21 work units.
2016-10-30 15:24:13) Replicate 14 completed with 1.00e+05 of simulation time using 23 work units.
2016-10-30 15:24:13) Replicate 7 completed with 1.00e+05 of simulation time using 23 work units.
2016-10-30 15:24:13) Replicate 11 completed with 1.00e+05 of simulation time using 24 work units.
2016-10-30 15:24:13) Replicate 9 completed with 1.00e+05 of simulation time using 26 work units.
2016-10-30 15:24:13) GillespieDSolverAVX started without a full set of trajectories, running trajectory 8 with the GillespieDSolver.
2016-10-30 15:24:13) GillespieDSolverAVX started without a full set of trajectories, running trajectory 5 with the GillespieDSolver.
2016-10-30 15:24:13) GillespieDSolverAVX started without a full set of trajectories, running trajectory 10 with the GillespieDSolver.
2016-10-30 15:24:13) Replicate 8 completed with 1.00e+05 of simulation time using 26 work units.
2016-10-30 15:24:13) Replicate 5 completed with 1.00e+05 of simulation time using 26 work units.
2016-10-30 15:24:13) Replicate 10 completed with 1.00e+05 of simulation time using 26 work units.
2016-10-30 15:24:13) Replicate supervisor finished 15 replicates in 240.25 seconds.
2016-10-30 15:24:13) Simulation finished.
2016-10-30 15:24:13) Finished 29 work units (ids in range 57 to 85) with 115 parts in the last 57.5 seconds. 720047854 steps in 5.754e+01 seconds (1.251e+07 steps/second).
2016-10-30 15:24:13) Supervisor @0 finished.
2016-10-30 15:24:13) Wrote 23 messages (2813 bytes) in the last 51.1 seconds (0.000291 seconds writing). 0 messages (0 bytes) queued. Flushing.
2016-10-30 15:24:13) OutputWriter wrote 59 messages and 9794 bytes total.
2016-10-30 15:24:13) OutputWriter::HelperThread @3 finished.
2016-10-30 15:24:13) OutputWriter @3 flushing and closing.
2016-10-30 15:24:13) OutputWriter @3 finished.
2016-10-30 15:24:13) Work unit runner @4 finished.
2016-10-30 15:24:13) Resource controller @1 finished.
2016-10-30 15:24:13) Finalizing communications library.
2016-10-30 15:24:13) Program execution finished.
