Lattice Microbe ES v2016.12 build 2016-11-30-14-54-02 in 64-bit mode with options MPI AVX SBML.
Copyright (C) 2008-2012 Luthey-Schulten Group, University of Illinois at Urbana-Champaign.
Copyright (C) 2012-2017 Roberts Group, Johns Hopkins University.

2016-10-30 15:16:16) Initializing communications library.
2016-10-30 15:16:16) Using local communicator on host barkeri.bph.jhu.edu.
2016-10-30 15:16:16) Resource controller @1 started.
2016-10-30 15:16:16) Supervisor @0 started.
2016-10-30 15:16:16) Resource controller @1 on barkeri.bph.jhu.edu registered with 8 cpu core(s) and 0 gpu device(s).
2016-10-30 15:16:16) Registered resources for host barkeri.bph.jhu.edu (defaults=1): 2 cpu cores, 0 gpu devices
2016-10-30 15:16:16) All resources registered with supervisor, starting workers.
2016-10-30 15:16:16) Reserved core 0 on @1 for the output writer.
2016-10-30 15:16:16) Creating slot 0 on @1 using resources: barkeri.bph.jhu.edu; @1; cpu core list:1; gpu device list:<none>.
2016-10-30 15:16:16) OutputWriter @3 started.
2016-10-30 15:16:16) OutputWriter::HelperThread @3 started.
2016-10-30 15:16:16) Output writer started: @3.
2016-10-30 15:16:16) Work Unit runner @4 started with 1 cpu cores (affinity=0) and 0 gpus.
2016-10-30 15:16:16) Work unit runner started: @4.
2016-10-30 15:16:16) All supervisor workers have started, beginning simulation.
2016-10-30 15:16:16) Replicate supervisor starting simulation.
2016-10-30 15:16:16) Simulation started.
2016-10-30 15:17:19) Finished 19 work units (ids in range 0 to 18) with 76 parts in the last 62.6 seconds. 760000000 steps in 6.257e+01 seconds (1.215e+07 steps/second).
2016-10-30 15:17:26) Wrote 15 messages (2620 bytes) in the last 69.1 seconds (0.000280 seconds writing). 0 messages (0 bytes) queued. Flushing.
2016-10-30 15:18:21) Finished 20 work units (ids in range 19 to 38) with 80 parts in the last 62.4 seconds. 800000000 steps in 6.238e+01 seconds (1.282e+07 steps/second).
2016-10-30 15:18:37) Wrote 13 messages (2624 bytes) in the last 71.3 seconds (0.000176 seconds writing). 0 messages (0 bytes) queued. Flushing.
2016-10-30 15:19:23) Finished 20 work units (ids in range 39 to 58) with 80 parts in the last 61.9 seconds. 800000000 steps in 6.189e+01 seconds (1.293e+07 steps/second).
2016-10-30 15:19:45) Wrote 14 messages (2644 bytes) in the last 68.1 seconds (0.000210 seconds writing). 0 messages (0 bytes) queued. Flushing.
2016-10-30 15:20:10) Replicate 2 completed with 1.00e+05 of simulation time using 20 work units.
2016-10-30 15:20:13) Replicate 1 completed with 1.00e+05 of simulation time using 20 work units.
2016-10-30 15:20:13) Replicate 4 completed with 1.00e+05 of simulation time using 21 work units.
2016-10-30 15:20:13) Replicate 7 completed with 1.00e+05 of simulation time using 21 work units.
2016-10-30 15:20:13) Replicate 9 completed with 1.00e+05 of simulation time using 21 work units.
2016-10-30 15:20:13) Replicate 14 completed with 1.00e+05 of simulation time using 22 work units.
2016-10-30 15:20:13) Replicate 3 completed with 1.00e+05 of simulation time using 22 work units.
2016-10-30 15:20:13) Replicate 5 completed with 1.00e+05 of simulation time using 21 work units.
2016-10-30 15:20:13) Replicate 6 completed with 1.00e+05 of simulation time using 23 work units.
2016-10-30 15:20:13) Replicate 15 completed with 1.00e+05 of simulation time using 22 work units.
2016-10-30 15:20:13) Replicate 10 completed with 1.00e+05 of simulation time using 22 work units.
2016-10-30 15:20:13) Replicate 11 completed with 1.00e+05 of simulation time using 24 work units.
2016-10-30 15:20:13) GillespieDSolverAVX started without a full set of trajectories, running trajectory 12 with the GillespieDSolver.
2016-10-30 15:20:13) GillespieDSolverAVX started without a full set of trajectories, running trajectory 8 with the GillespieDSolver.
2016-10-30 15:20:13) GillespieDSolverAVX started without a full set of trajectories, running trajectory 13 with the GillespieDSolver.
2016-10-30 15:20:13) Replicate 12 completed with 1.00e+05 of simulation time using 29 work units.
2016-10-30 15:20:13) Replicate 8 completed with 1.00e+05 of simulation time using 28 work units.
2016-10-30 15:20:13) Replicate 13 completed with 1.00e+05 of simulation time using 27 work units.
2016-10-30 15:20:13) Replicate supervisor finished 15 replicates in 236.49 seconds.
2016-10-30 15:20:13) Simulation finished.
2016-10-30 15:20:13) Finished 27 work units (ids in range 59 to 85) with 107 parts in the last 49.6 seconds. 640001680 steps in 4.963e+01 seconds (1.290e+07 steps/second).
2016-10-30 15:20:13) Supervisor @0 finished.
2016-10-30 15:20:13) Wrote 20 messages (1965 bytes) in the last 27.9 seconds (0.000224 seconds writing). 0 messages (0 bytes) queued. Flushing.
2016-10-30 15:20:13) OutputWriter wrote 62 messages and 9853 bytes total.
2016-10-30 15:20:13) OutputWriter::HelperThread @3 finished.
2016-10-30 15:20:13) OutputWriter @3 flushing and closing.
2016-10-30 15:20:13) OutputWriter @3 finished.
2016-10-30 15:20:13) Work unit runner @4 finished.
2016-10-30 15:20:13) Resource controller @1 finished.
2016-10-30 15:20:13) Finalizing communications library.
2016-10-30 15:20:13) Program execution finished.
