Lattice Microbe ES v2016.12 build 2016-11-30-14-54-02 in 64-bit mode with options MPI AVX SBML.
Copyright (C) 2008-2012 Luthey-Schulten Group, University of Illinois at Urbana-Champaign.
Copyright (C) 2012-2017 Roberts Group, Johns Hopkins University.

2016-10-30 15:08:06) Initializing communications library.
2016-10-30 15:08:06) Using local communicator on host barkeri.bph.jhu.edu.
2016-10-30 15:08:06) Resource controller @1 started.
2016-10-30 15:08:06) Supervisor @0 started.
2016-10-30 15:08:06) Resource controller @1 on barkeri.bph.jhu.edu registered with 8 cpu core(s) and 0 gpu device(s).
2016-10-30 15:08:06) Registered resources for host barkeri.bph.jhu.edu (defaults=1): 2 cpu cores, 0 gpu devices
2016-10-30 15:08:06) All resources registered with supervisor, starting workers.
2016-10-30 15:08:06) Reserved core 0 on @1 for the output writer.
2016-10-30 15:08:06) Creating slot 0 on @1 using resources: barkeri.bph.jhu.edu; @1; cpu core list:1; gpu device list:<none>.
2016-10-30 15:08:06) OutputWriter @3 started.
2016-10-30 15:08:06) Work Unit runner @4 started with 1 cpu cores (affinity=0) and 0 gpus.
2016-10-30 15:08:06) Output writer started: @3.2016-10-30 15:08:06) 
OutputWriter::HelperThread @3 started.
2016-10-30 15:08:06) Work unit runner started: @4.
2016-10-30 15:08:06) All supervisor workers have started, beginning simulation.
2016-10-30 15:08:06) Replicate supervisor starting simulation.
2016-10-30 15:08:06) Simulation started.
2016-10-30 15:09:07) Finished 19 work units (ids in range 0 to 18) with 76 parts in the last 61.0 seconds. 760000000 steps in 6.097e+01 seconds (1.247e+07 steps/second).
2016-10-30 15:09:11) Wrote 14 messages (2599 bytes) in the last 64.2 seconds (0.000221 seconds writing). 0 messages (0 bytes) queued. Flushing.
2016-10-30 15:10:09) Finished 19 work units (ids in range 19 to 37) with 76 parts in the last 61.4 seconds. 760000000 steps in 6.137e+01 seconds (1.238e+07 steps/second).
2016-10-30 15:10:12) Wrote 13 messages (2468 bytes) in the last 61.3 seconds (0.000200 seconds writing). 0 messages (0 bytes) queued. Flushing.
2016-10-30 15:11:11) Finished 19 work units (ids in range 38 to 56) with 76 parts in the last 62.5 seconds. 760000000 steps in 6.254e+01 seconds (1.215e+07 steps/second).
2016-10-30 15:11:15) Wrote 11 messages (1954 bytes) in the last 62.7 seconds (0.000150 seconds writing). 0 messages (0 bytes) queued. Flushing.
2016-10-30 15:12:07) Replicate 5 completed with 1.00e+05 of simulation time using 20 work units.
2016-10-30 15:12:10) Replicate 10 completed with 1.00e+05 of simulation time using 20 work units.
2016-10-30 15:12:10) Replicate 4 completed with 1.00e+05 of simulation time using 21 work units.
2016-10-30 15:12:10) Replicate 14 completed with 1.00e+05 of simulation time using 21 work units.
2016-10-30 15:12:10) Replicate 15 completed with 1.00e+05 of simulation time using 21 work units.
2016-10-30 15:12:10) Replicate 6 completed with 1.00e+05 of simulation time using 21 work units.
2016-10-30 15:12:10) Replicate 12 completed with 1.00e+05 of simulation time using 22 work units.
2016-10-30 15:12:10) Replicate 2 completed with 1.00e+05 of simulation time using 24 work units.
2016-10-30 15:12:10) Replicate 3 completed with 1.00e+05 of simulation time using 22 work units.
2016-10-30 15:12:10) Replicate 1 completed with 1.00e+05 of simulation time using 24 work units.
2016-10-30 15:12:10) Replicate 8 completed with 1.00e+05 of simulation time using 22 work units.
2016-10-30 15:12:10) Replicate 7 completed with 1.00e+05 of simulation time using 23 work units.
2016-10-30 15:12:10) GillespieDSolverAVX started without a full set of trajectories, running trajectory 13 with the GillespieDSolver.
2016-10-30 15:12:10) GillespieDSolverAVX started without a full set of trajectories, running trajectory 9 with the GillespieDSolver.
2016-10-30 15:12:10) GillespieDSolverAVX started without a full set of trajectories, running trajectory 11 with the GillespieDSolver.
2016-10-30 15:12:10) Replicate 13 completed with 1.00e+05 of simulation time using 31 work units.
2016-10-30 15:12:10) Replicate 9 completed with 1.00e+05 of simulation time using 26 work units.
2016-10-30 15:12:10) Replicate 11 completed with 1.00e+05 of simulation time using 25 work units.
2016-10-30 15:12:10) Replicate supervisor finished 15 replicates in 244.04 seconds.
2016-10-30 15:12:10) Simulation finished.
2016-10-30 15:12:10) Finished 29 work units (ids in range 57 to 85) with 115 parts in the last 59.1 seconds. 719951505 steps in 5.914e+01 seconds (1.217e+07 steps/second).
2016-10-30 15:12:10) Supervisor @0 finished.
2016-10-30 15:12:10) Wrote 24 messages (2833 bytes) in the last 55.8 seconds (0.000273 seconds writing). 0 messages (0 bytes) queued. Flushing.
2016-10-30 15:12:10) OutputWriter wrote 62 messages and 9854 bytes total.
2016-10-30 15:12:10) OutputWriter::HelperThread @3 finished.
2016-10-30 15:12:10) OutputWriter @3 flushing and closing.
2016-10-30 15:12:10) OutputWriter @3 finished.
2016-10-30 15:12:10) Work unit runner @4 finished.
2016-10-30 15:12:10) Resource controller @1 finished.
2016-10-30 15:12:10) Finalizing communications library.
2016-10-30 15:12:10) Program execution finished.
