Lattice Microbe ES v2016.12 build 2016-11-30-14-54-02 in 64-bit mode with options MPI AVX SBML.
Copyright (C) 2008-2012 Luthey-Schulten Group, University of Illinois at Urbana-Champaign.
Copyright (C) 2012-2017 Roberts Group, Johns Hopkins University.

2016-10-30 15:36:00) Initializing communications library.
2016-10-30 15:36:00) Using local communicator on host barkeri.bph.jhu.edu.
2016-10-30 15:36:00) Resource controller @1 started.
2016-10-30 15:36:00) Supervisor @0 started.
2016-10-30 15:36:00) Resource controller @1 on barkeri.bph.jhu.edu registered with 8 cpu core(s) and 0 gpu device(s).
2016-10-30 15:36:00) Registered resources for host barkeri.bph.jhu.edu (defaults=1): 2 cpu cores, 0 gpu devices
2016-10-30 15:36:00) All resources registered with supervisor, starting workers.
2016-10-30 15:36:00) Reserved core 0 on @1 for the output writer.
2016-10-30 15:36:00) Creating slot 0 on @1 using resources: barkeri.bph.jhu.edu; @1; cpu core list:1; gpu device list:<none>.
2016-10-30 15:36:00) OutputWriter @3 started.
2016-10-30 15:36:00) 2016-10-30 15:36:00) Work Unit runner @4 started with 1 cpu cores (affinity=0) and 0 gpus.2016-10-30 15:36:00) Output writer started: @3.
OutputWriter::HelperThread @3 started.

2016-10-30 15:36:00) Work unit runner started: @4.
2016-10-30 15:36:00) All supervisor workers have started, beginning simulation.
2016-10-30 15:36:00) Replicate supervisor starting simulation.
2016-10-30 15:36:00) Simulation started.
2016-10-30 15:37:02) Finished 20 work units (ids in range 0 to 19) with 80 parts in the last 62.2 seconds. 800000000 steps in 6.221e+01 seconds (1.286e+07 steps/second).
2016-10-30 15:37:09) Wrote 14 messages (2600 bytes) in the last 68.4 seconds (0.000250 seconds writing). 0 messages (0 bytes) queued. Flushing.
2016-10-30 15:38:04) Finished 20 work units (ids in range 20 to 39) with 80 parts in the last 62.1 seconds. 800000000 steps in 6.208e+01 seconds (1.289e+07 steps/second).
2016-10-30 15:38:17) Wrote 15 messages (2666 bytes) in the last 68.3 seconds (0.000278 seconds writing). 0 messages (0 bytes) queued. Flushing.
2016-10-30 15:39:07) Finished 20 work units (ids in range 40 to 59) with 80 parts in the last 62.1 seconds. 800000000 steps in 6.212e+01 seconds (1.288e+07 steps/second).
2016-10-30 15:39:28) Wrote 16 messages (2686 bytes) in the last 71.4 seconds (0.000183 seconds writing). 0 messages (0 bytes) queued. Flushing.
2016-10-30 15:39:50) Replicate 12 completed with 1.00e+05 of simulation time using 20 work units.
2016-10-30 15:39:53) Replicate 1 completed with 1.00e+05 of simulation time using 20 work units.
2016-10-30 15:39:53) Replicate 4 completed with 1.00e+05 of simulation time using 21 work units.
2016-10-30 15:39:53) Replicate 10 completed with 1.00e+05 of simulation time using 21 work units.
2016-10-30 15:39:53) Replicate 8 completed with 1.00e+05 of simulation time using 23 work units.
2016-10-30 15:39:53) Replicate 9 completed with 1.00e+05 of simulation time using 22 work units.
2016-10-30 15:39:53) Replicate 11 completed with 1.00e+05 of simulation time using 22 work units.
2016-10-30 15:39:53) Replicate 6 completed with 1.00e+05 of simulation time using 22 work units.
2016-10-30 15:39:53) Replicate 3 completed with 1.00e+05 of simulation time using 25 work units.
2016-10-30 15:39:53) Replicate 5 completed with 1.00e+05 of simulation time using 24 work units.
2016-10-30 15:39:53) Replicate 2 completed with 1.00e+05 of simulation time using 23 work units.
2016-10-30 15:39:53) Replicate 14 completed with 1.00e+05 of simulation time using 25 work units.
2016-10-30 15:39:53) GillespieDSolverAVX started without a full set of trajectories, running trajectory 7 with the GillespieDSolver.
2016-10-30 15:39:53) GillespieDSolverAVX started without a full set of trajectories, running trajectory 13 with the GillespieDSolver.
2016-10-30 15:39:53) GillespieDSolverAVX started without a full set of trajectories, running trajectory 15 with the GillespieDSolver.
2016-10-30 15:39:53) Replicate 7 completed with 1.00e+05 of simulation time using 26 work units.
2016-10-30 15:39:53) Replicate 13 completed with 1.00e+05 of simulation time using 25 work units.
2016-10-30 15:39:53) Replicate 15 completed with 1.00e+05 of simulation time using 24 work units.
2016-10-30 15:39:53) Replicate supervisor finished 15 replicates in 233.02 seconds.
2016-10-30 15:39:53) Simulation finished.
2016-10-30 15:39:53) Finished 26 work units (ids in range 60 to 85) with 103 parts in the last 46.6 seconds. 600059667 steps in 4.659e+01 seconds (1.288e+07 steps/second).
2016-10-30 15:39:53) Supervisor @0 finished.
2016-10-30 15:39:53) Wrote 20 messages (1965 bytes) in the last 24.8 seconds (0.000186 seconds writing). 0 messages (0 bytes) queued. Flushing.
2016-10-30 15:39:53) OutputWriter wrote 65 messages and 9917 bytes total.
2016-10-30 15:39:53) OutputWriter::HelperThread @3 finished.
2016-10-30 15:39:53) OutputWriter @3 flushing and closing.
2016-10-30 15:39:53) OutputWriter @3 finished.
2016-10-30 15:39:53) Work unit runner @4 finished.
2016-10-30 15:39:53) Resource controller @1 finished.
2016-10-30 15:39:53) Finalizing communications library.
2016-10-30 15:39:53) Program execution finished.
