Lattice Microbe ES v2016.12 build 2016-11-30-14-54-02 in 64-bit mode with options MPI AVX SBML.
Copyright (C) 2008-2012 Luthey-Schulten Group, University of Illinois at Urbana-Champaign.
Copyright (C) 2012-2017 Roberts Group, Johns Hopkins University.

2016-10-30 15:28:09) Initializing communications library.
2016-10-30 15:28:09) Using local communicator on host barkeri.bph.jhu.edu.
2016-10-30 15:28:09) Resource controller @1 started.
2016-10-30 15:28:09) Supervisor @0 started.
2016-10-30 15:28:09) Resource controller @1 on barkeri.bph.jhu.edu registered with 8 cpu core(s) and 0 gpu device(s).
2016-10-30 15:28:09) Registered resources for host barkeri.bph.jhu.edu (defaults=1): 2 cpu cores, 0 gpu devices
2016-10-30 15:28:09) All resources registered with supervisor, starting workers.
2016-10-30 15:28:09) Reserved core 0 on @1 for the output writer.
2016-10-30 15:28:09) Creating slot 0 on @1 using resources: barkeri.bph.jhu.edu; @1; cpu core list:1; gpu device list:<none>.
2016-10-30 15:28:09) OutputWriter @3 started.
2016-10-30 15:28:09) OutputWriter::HelperThread @3 started.
2016-10-30 15:28:09) Work Unit runner @4 started with 1 cpu cores (affinity=0) and 0 gpus.
2016-10-30 15:28:09) Output writer started: @3.
2016-10-30 15:28:09) Work unit runner started: @4.
2016-10-30 15:28:09) All supervisor workers have started, beginning simulation.
2016-10-30 15:28:09) Replicate supervisor starting simulation.
2016-10-30 15:28:09) Simulation started.
2016-10-30 15:29:09) Finished 19 work units (ids in range 0 to 18) with 76 parts in the last 60.5 seconds. 760000000 steps in 6.047e+01 seconds (1.257e+07 steps/second).
2016-10-30 15:29:15) Wrote 14 messages (2601 bytes) in the last 66.8 seconds (0.000217 seconds writing). 0 messages (0 bytes) queued. Flushing.
2016-10-30 15:30:09) Finished 19 work units (ids in range 19 to 37) with 76 parts in the last 60.4 seconds. 760000000 steps in 6.043e+01 seconds (1.258e+07 steps/second).
2016-10-30 15:30:16) Wrote 14 messages (2539 bytes) in the last 60.4 seconds (0.000219 seconds writing). 0 messages (0 bytes) queued. Flushing.
2016-10-30 15:31:10) Finished 19 work units (ids in range 38 to 56) with 76 parts in the last 60.4 seconds. 760000000 steps in 6.037e+01 seconds (1.259e+07 steps/second).
2016-10-30 15:31:16) Wrote 10 messages (1881 bytes) in the last 60.4 seconds (0.000161 seconds writing). 0 messages (0 bytes) queued. Flushing.
2016-10-30 15:32:04) Replicate 5 completed with 1.00e+05 of simulation time using 20 work units.
2016-10-30 15:32:07) Replicate 2 completed with 1.00e+05 of simulation time using 20 work units.
2016-10-30 15:32:07) Replicate 15 completed with 1.00e+05 of simulation time using 21 work units.
2016-10-30 15:32:07) Replicate 10 completed with 1.00e+05 of simulation time using 21 work units.
2016-10-30 15:32:07) Replicate 8 completed with 1.00e+05 of simulation time using 21 work units.
2016-10-30 15:32:07) Replicate 1 completed with 1.00e+05 of simulation time using 22 work units.
2016-10-30 15:32:07) Replicate 3 completed with 1.00e+05 of simulation time using 22 work units.
2016-10-30 15:32:07) Replicate 11 completed with 1.00e+05 of simulation time using 22 work units.
2016-10-30 15:32:07) Replicate 7 completed with 1.00e+05 of simulation time using 22 work units.
2016-10-30 15:32:07) Replicate 4 completed with 1.00e+05 of simulation time using 24 work units.
2016-10-30 15:32:07) Replicate 14 completed with 1.00e+05 of simulation time using 24 work units.
2016-10-30 15:32:07) Replicate 6 completed with 1.00e+05 of simulation time using 24 work units.
2016-10-30 15:32:07) GillespieDSolverAVX started without a full set of trajectories, running trajectory 9 with the GillespieDSolver.
2016-10-30 15:32:07) GillespieDSolverAVX started without a full set of trajectories, running trajectory 13 with the GillespieDSolver.
2016-10-30 15:32:07) GillespieDSolverAVX started without a full set of trajectories, running trajectory 12 with the GillespieDSolver.
2016-10-30 15:32:07) Replicate 9 completed with 1.00e+05 of simulation time using 29 work units.
2016-10-30 15:32:07) Replicate 13 completed with 1.00e+05 of simulation time using 24 work units.
2016-10-30 15:32:07) Replicate 12 completed with 1.00e+05 of simulation time using 27 work units.
2016-10-30 15:32:07) Replicate supervisor finished 15 replicates in 238.64 seconds.
2016-10-30 15:32:07) Simulation finished.
2016-10-30 15:32:07) Finished 29 work units (ids in range 57 to 85) with 115 parts in the last 57.4 seconds. 720048995 steps in 5.735e+01 seconds (1.255e+07 steps/second).
2016-10-30 15:32:07) Supervisor @0 finished.
2016-10-30 15:32:07) Wrote 24 messages (2833 bytes) in the last 51.0 seconds (0.000247 seconds writing). 0 messages (0 bytes) queued. Flushing.
2016-10-30 15:32:07) OutputWriter wrote 62 messages and 9854 bytes total.
2016-10-30 15:32:07) OutputWriter::HelperThread @3 finished.
2016-10-30 15:32:07) OutputWriter @3 flushing and closing.
2016-10-30 15:32:07) OutputWriter @3 finished.
2016-10-30 15:32:07) Work unit runner @4 finished.
2016-10-30 15:32:07) Resource controller @1 finished.
2016-10-30 15:32:07) Finalizing communications library.
2016-10-30 15:32:07) Program execution finished.
