Lattice Microbe ES v2016.12 build 2016-11-30-14-54-02 in 64-bit mode with options MPI AVX SBML.
Copyright (C) 2008-2012 Luthey-Schulten Group, University of Illinois at Urbana-Champaign.
Copyright (C) 2012-2017 Roberts Group, Johns Hopkins University.

2016-10-30 15:04:10) Initializing communications library.
2016-10-30 15:04:10) Using local communicator on host barkeri.bph.jhu.edu.
2016-10-30 15:04:10) Resource controller @1 started.
2016-10-30 15:04:10) Supervisor @0 started.
2016-10-30 15:04:10) Resource controller @1 on barkeri.bph.jhu.edu registered with 8 cpu core(s) and 0 gpu device(s).
2016-10-30 15:04:10) Registered resources for host barkeri.bph.jhu.edu (defaults=1): 2 cpu cores, 0 gpu devices
2016-10-30 15:04:10) All resources registered with supervisor, starting workers.
2016-10-30 15:04:10) Reserved core 0 on @1 for the output writer.
2016-10-30 15:04:10) Creating slot 0 on @1 using resources: barkeri.bph.jhu.edu; @1; cpu core list:1; gpu device list:<none>.
2016-10-30 15:04:10) OutputWriter @3 started.
2016-10-30 15:04:10) Work Unit runner @4 started with 1 cpu cores (affinity=0) and 0 gpus.
2016-10-30 15:04:10) OutputWriter::HelperThread @3 started.
2016-10-30 15:04:10) Output writer started: @3.
2016-10-30 15:04:10) Work unit runner started: @4.
2016-10-30 15:04:10) All supervisor workers have started, beginning simulation.
2016-10-30 15:04:10) Replicate supervisor starting simulation.
2016-10-30 15:04:10) Simulation started.
2016-10-30 15:05:12) Finished 20 work units (ids in range 0 to 19) with 80 parts in the last 62.4 seconds. 800000000 steps in 6.241e+01 seconds (1.282e+07 steps/second).
2016-10-30 15:05:16) Wrote 15 messages (2621 bytes) in the last 65.6 seconds (0.000213 seconds writing). 0 messages (0 bytes) queued. Flushing.
2016-10-30 15:06:15) Finished 20 work units (ids in range 20 to 39) with 80 parts in the last 62.4 seconds. 800000000 steps in 6.242e+01 seconds (1.282e+07 steps/second).
2016-10-30 15:06:24) Wrote 15 messages (2665 bytes) in the last 68.6 seconds (0.000252 seconds writing). 0 messages (0 bytes) queued. Flushing.
2016-10-30 15:07:15) Finished 19 work units (ids in range 40 to 58) with 76 parts in the last 60.5 seconds. 760000000 steps in 6.051e+01 seconds (1.256e+07 steps/second).
2016-10-30 15:07:25) Wrote 12 messages (2446 bytes) in the last 60.8 seconds (0.000174 seconds writing). 0 messages (0 bytes) queued. Flushing.
2016-10-30 15:08:00) Replicate 8 completed with 1.00e+05 of simulation time using 20 work units.
2016-10-30 15:08:03) Replicate 10 completed with 1.00e+05 of simulation time using 20 work units.
2016-10-30 15:08:06) Replicate 7 completed with 1.00e+05 of simulation time using 20 work units.
2016-10-30 15:08:06) Replicate 6 completed with 1.00e+05 of simulation time using 21 work units.
2016-10-30 15:08:06) Replicate 12 completed with 1.00e+05 of simulation time using 22 work units.
2016-10-30 15:08:06) Replicate 11 completed with 1.00e+05 of simulation time using 21 work units.
2016-10-30 15:08:06) Replicate 3 completed with 1.00e+05 of simulation time using 21 work units.
2016-10-30 15:08:06) Replicate 5 completed with 1.00e+05 of simulation time using 22 work units.
2016-10-30 15:08:06) Replicate 13 completed with 1.00e+05 of simulation time using 22 work units.
2016-10-30 15:08:06) Replicate 14 completed with 1.00e+05 of simulation time using 24 work units.
2016-10-30 15:08:06) Replicate 9 completed with 1.00e+05 of simulation time using 24 work units.
2016-10-30 15:08:06) Replicate 4 completed with 1.00e+05 of simulation time using 24 work units.
2016-10-30 15:08:06) GillespieDSolverAVX started without a full set of trajectories, running trajectory 15 with the GillespieDSolver.
2016-10-30 15:08:06) GillespieDSolverAVX started without a full set of trajectories, running trajectory 1 with the GillespieDSolver.
2016-10-30 15:08:06) GillespieDSolverAVX started without a full set of trajectories, running trajectory 2 with the GillespieDSolver.
2016-10-30 15:08:06) Replicate 15 completed with 1.00e+05 of simulation time using 28 work units.
2016-10-30 15:08:06) Replicate 1 completed with 1.00e+05 of simulation time using 25 work units.
2016-10-30 15:08:06) Replicate 2 completed with 1.00e+05 of simulation time using 25 work units.
2016-10-30 15:08:06) Replicate supervisor finished 15 replicates in 236.42 seconds.
2016-10-30 15:08:06) Simulation finished.
2016-10-30 15:08:06) Finished 26 work units (ids in range 59 to 84) with 103 parts in the last 51.1 seconds. 639913203 steps in 5.106e+01 seconds (1.253e+07 steps/second).
2016-10-30 15:08:06) Supervisor @0 finished.
2016-10-30 15:08:06) Wrote 21 messages (2143 bytes) in the last 41.5 seconds (0.000215 seconds writing). 0 messages (0 bytes) queued. Flushing.
2016-10-30 15:08:06) OutputWriter wrote 63 messages and 9875 bytes total.
2016-10-30 15:08:06) OutputWriter::HelperThread @3 finished.
2016-10-30 15:08:06) OutputWriter @3 flushing and closing.
2016-10-30 15:08:06) OutputWriter @3 finished.
2016-10-30 15:08:06) Work unit runner @4 finished.
2016-10-30 15:08:06) Resource controller @1 finished.
2016-10-30 15:08:06) Finalizing communications library.
2016-10-30 15:08:06) Program execution finished.
