Lattice Microbe ES v2016.12 build 2016-11-30-14-54-02 in 64-bit mode with options MPI AVX SBML.
Copyright (C) 2008-2012 Luthey-Schulten Group, University of Illinois at Urbana-Champaign.
Copyright (C) 2012-2017 Roberts Group, Johns Hopkins University.

2016-10-30 14:55:59) Initializing communications library.
2016-10-30 14:55:59) Using local communicator on host barkeri.bph.jhu.edu.
2016-10-30 14:55:59) Resource controller @1 started.
2016-10-30 14:55:59) Supervisor @0 started.
2016-10-30 14:55:59) Resource controller @1 on barkeri.bph.jhu.edu registered with 8 cpu core(s) and 0 gpu device(s).
2016-10-30 14:55:59) Registered resources for host barkeri.bph.jhu.edu (defaults=1): 2 cpu cores, 0 gpu devices
2016-10-30 14:55:59) All resources registered with supervisor, starting workers.
2016-10-30 14:55:59) Reserved core 0 on @1 for the output writer.
2016-10-30 14:55:59) Creating slot 0 on @1 using resources: barkeri.bph.jhu.edu; @1; cpu core list:1; gpu device list:<none>.
2016-10-30 14:55:59) OutputWriter @3 started.
2016-10-30 14:55:59) Work Unit runner @4 started with 1 cpu cores (affinity=0) and 0 gpus.
2016-10-30 14:55:59) 2016-10-30 14:55:59) OutputWriter::HelperThread @3 started.Output writer started: @3.

2016-10-30 14:55:59) Work unit runner started: @4.
2016-10-30 14:55:59) All supervisor workers have started, beginning simulation.
2016-10-30 14:55:59) Replicate supervisor starting simulation.
2016-10-30 14:55:59) Simulation started.
2016-10-30 14:56:59) Finished 18 work units (ids in range 0 to 17) with 72 parts in the last 60.5 seconds. 720000000 steps in 6.045e+01 seconds (1.191e+07 steps/second).
2016-10-30 14:57:09) Wrote 13 messages (2579 bytes) in the last 70.5 seconds (0.000230 seconds writing). 0 messages (0 bytes) queued. Flushing.
2016-10-30 14:58:01) Finished 18 work units (ids in range 18 to 35) with 72 parts in the last 62.0 seconds. 720000000 steps in 6.204e+01 seconds (1.160e+07 steps/second).
2016-10-30 14:58:11) Wrote 13 messages (2205 bytes) in the last 62.2 seconds (0.000219 seconds writing). 0 messages (0 bytes) queued. Flushing.
2016-10-30 14:59:03) Finished 18 work units (ids in range 36 to 53) with 72 parts in the last 61.7 seconds. 720000000 steps in 6.170e+01 seconds (1.167e+07 steps/second).
2016-10-30 14:59:20) Wrote 11 messages (2216 bytes) in the last 68.3 seconds (0.000199 seconds writing). 0 messages (0 bytes) queued. Flushing.
2016-10-30 15:00:06) Finished 19 work units (ids in range 54 to 72) with 76 parts in the last 62.8 seconds. 760000000 steps in 6.285e+01 seconds (1.209e+07 steps/second).
2016-10-30 15:00:12) Replicate 3 completed with 1.00e+05 of simulation time using 20 work units.
2016-10-30 15:00:12) Replicate 13 completed with 1.00e+05 of simulation time using 21 work units.
2016-10-30 15:00:12) Replicate 7 completed with 1.00e+05 of simulation time using 21 work units.
2016-10-30 15:00:12) Replicate 8 completed with 1.00e+05 of simulation time using 22 work units.
2016-10-30 15:00:12) Replicate 14 completed with 1.00e+05 of simulation time using 22 work units.
2016-10-30 15:00:12) Replicate 12 completed with 1.00e+05 of simulation time using 21 work units.
2016-10-30 15:00:12) Replicate 15 completed with 1.00e+05 of simulation time using 23 work units.
2016-10-30 15:00:12) Replicate 9 completed with 1.00e+05 of simulation time using 23 work units.
2016-10-30 15:00:12) Replicate 6 completed with 1.00e+05 of simulation time using 24 work units.
2016-10-30 15:00:12) Replicate 5 completed with 1.00e+05 of simulation time using 24 work units.
2016-10-30 15:00:12) Replicate 1 completed with 1.00e+05 of simulation time using 24 work units.
2016-10-30 15:00:12) Replicate 11 completed with 1.00e+05 of simulation time using 23 work units.
2016-10-30 15:00:12) GillespieDSolverAVX started without a full set of trajectories, running trajectory 10 with the GillespieDSolver.
2016-10-30 15:00:12) GillespieDSolverAVX started without a full set of trajectories, running trajectory 4 with the GillespieDSolver.
2016-10-30 15:00:12) GillespieDSolverAVX started without a full set of trajectories, running trajectory 2 with the GillespieDSolver.
2016-10-30 15:00:12) Replicate 10 completed with 1.00e+05 of simulation time using 27 work units.
2016-10-30 15:00:12) Replicate 4 completed with 1.00e+05 of simulation time using 26 work units.
2016-10-30 15:00:12) Replicate 2 completed with 1.00e+05 of simulation time using 26 work units.
2016-10-30 15:00:12) Replicate supervisor finished 15 replicates in 253.36 seconds.
2016-10-30 15:00:12) Simulation finished.
2016-10-30 15:00:12) Finished 14 work units (ids in range 73 to 86) with 55 parts in the last 6.3 seconds. 80161434 steps in 6.300e+00 seconds (1.272e+07 steps/second).
2016-10-30 15:00:12) Supervisor @0 finished.
2016-10-30 15:00:12) Wrote 25 messages (2853 bytes) in the last 52.4 seconds (0.000282 seconds writing). 0 messages (0 bytes) queued. Flushing.
2016-10-30 15:00:12) OutputWriter wrote 62 messages and 9853 bytes total.
2016-10-30 15:00:12) OutputWriter::HelperThread @3 finished.
2016-10-30 15:00:12) OutputWriter @3 flushing and closing.
2016-10-30 15:00:12) OutputWriter @3 finished.
2016-10-30 15:00:12) Work unit runner @4 finished.
2016-10-30 15:00:12) Resource controller @1 finished.
2016-10-30 15:00:12) Finalizing communications library.
2016-10-30 15:00:12) Program execution finished.
