Lattice Microbe ES v2016.12 build 2016-11-30-14-54-02 in 64-bit mode with options MPI AVX SBML.
Copyright (C) 2008-2012 Luthey-Schulten Group, University of Illinois at Urbana-Champaign.
Copyright (C) 2012-2017 Roberts Group, Johns Hopkins University.

2016-10-30 15:24:13) Initializing communications library.
2016-10-30 15:24:13) Using local communicator on host barkeri.bph.jhu.edu.
2016-10-30 15:24:13) Resource controller @1 started.
2016-10-30 15:24:13) Supervisor @0 started.
2016-10-30 15:24:13) Resource controller @1 on barkeri.bph.jhu.edu registered with 8 cpu core(s) and 0 gpu device(s).
2016-10-30 15:24:13) Registered resources for host barkeri.bph.jhu.edu (defaults=1): 2 cpu cores, 0 gpu devices
2016-10-30 15:24:13) All resources registered with supervisor, starting workers.
2016-10-30 15:24:13) Reserved core 0 on @1 for the output writer.
2016-10-30 15:24:13) Creating slot 0 on @1 using resources: barkeri.bph.jhu.edu; @1; cpu core list:1; gpu device list:<none>.
2016-10-30 15:24:13) OutputWriter @3 started.
2016-10-30 15:24:13) OutputWriter::HelperThread @3 started.
2016-10-30 15:24:13) Output writer started: @3.
2016-10-30 15:24:13) Work Unit runner @4 started with 1 cpu cores (affinity=0) and 0 gpus.
2016-10-30 15:24:13) Work unit runner started: @4.
2016-10-30 15:24:13) All supervisor workers have started, beginning simulation.
2016-10-30 15:24:13) Replicate supervisor starting simulation.
2016-10-30 15:24:13) Simulation started.
2016-10-30 15:25:16) Finished 20 work units (ids in range 0 to 19) with 80 parts in the last 62.6 seconds. 800000000 steps in 6.263e+01 seconds (1.277e+07 steps/second).
2016-10-30 15:25:19) Wrote 14 messages (2600 bytes) in the last 65.8 seconds (0.000223 seconds writing). 0 messages (0 bytes) queued. Flushing.
2016-10-30 15:26:19) Finished 20 work units (ids in range 20 to 39) with 80 parts in the last 62.7 seconds. 800000000 steps in 6.265e+01 seconds (1.277e+07 steps/second).
2016-10-30 15:26:22) Wrote 14 messages (2592 bytes) in the last 62.7 seconds (0.000211 seconds writing). 0 messages (0 bytes) queued. Flushing.
2016-10-30 15:27:21) Finished 20 work units (ids in range 40 to 59) with 80 parts in the last 62.8 seconds. 800000000 steps in 6.283e+01 seconds (1.273e+07 steps/second).
2016-10-30 15:27:25) Wrote 11 messages (2112 bytes) in the last 62.8 seconds (0.000135 seconds writing). 0 messages (0 bytes) queued. Flushing.
2016-10-30 15:28:05) Replicate 14 completed with 1.00e+05 of simulation time using 20 work units.
2016-10-30 15:28:09) Replicate 9 completed with 1.00e+05 of simulation time using 20 work units.
2016-10-30 15:28:09) Replicate 8 completed with 1.00e+05 of simulation time using 21 work units.
2016-10-30 15:28:09) Replicate 1 completed with 1.00e+05 of simulation time using 21 work units.
2016-10-30 15:28:09) Replicate 3 completed with 1.00e+05 of simulation time using 21 work units.
2016-10-30 15:28:09) Replicate 7 completed with 1.00e+05 of simulation time using 21 work units.
2016-10-30 15:28:09) Replicate 11 completed with 1.00e+05 of simulation time using 22 work units.
2016-10-30 15:28:09) Replicate 13 completed with 1.00e+05 of simulation time using 22 work units.
2016-10-30 15:28:09) Replicate 4 completed with 1.00e+05 of simulation time using 23 work units.
2016-10-30 15:28:09) Replicate 2 completed with 1.00e+05 of simulation time using 22 work units.
2016-10-30 15:28:09) Replicate 6 completed with 1.00e+05 of simulation time using 24 work units.
2016-10-30 15:28:09) Replicate 12 completed with 1.00e+05 of simulation time using 24 work units.
2016-10-30 15:28:09) GillespieDSolverAVX started without a full set of trajectories, running trajectory 10 with the GillespieDSolver.
2016-10-30 15:28:09) GillespieDSolverAVX started without a full set of trajectories, running trajectory 5 with the GillespieDSolver.
2016-10-30 15:28:09) GillespieDSolverAVX started without a full set of trajectories, running trajectory 15 with the GillespieDSolver.
2016-10-30 15:28:09) Replicate 10 completed with 1.00e+05 of simulation time using 29 work units.
2016-10-30 15:28:09) Replicate 5 completed with 1.00e+05 of simulation time using 28 work units.
2016-10-30 15:28:09) Replicate 15 completed with 1.00e+05 of simulation time using 25 work units.
2016-10-30 15:28:09) Replicate supervisor finished 15 replicates in 235.29 seconds.
2016-10-30 15:28:09) Simulation finished.
2016-10-30 15:28:09) Finished 26 work units (ids in range 60 to 85) with 103 parts in the last 47.2 seconds. 600102680 steps in 4.715e+01 seconds (1.273e+07 steps/second).
2016-10-30 15:28:09) Supervisor @0 finished.
2016-10-30 15:28:09) Wrote 22 messages (2530 bytes) in the last 44.0 seconds (0.000262 seconds writing). 0 messages (0 bytes) queued. Flushing.
2016-10-30 15:28:09) OutputWriter wrote 61 messages and 9834 bytes total.
2016-10-30 15:28:09) OutputWriter::HelperThread @3 finished.
2016-10-30 15:28:09) OutputWriter @3 flushing and closing.
2016-10-30 15:28:09) OutputWriter @3 finished.
2016-10-30 15:28:09) Work unit runner @4 finished.
2016-10-30 15:28:09) Resource controller @1 finished.
2016-10-30 15:28:09) Finalizing communications library.
2016-10-30 15:28:09) Program execution finished.
